<html>
<body>
<pre>
<h1>µVision Build Log</h1>
<h2>Project:</h2>
C:\Users\student\Desktop\PPSW\Archive\TEST\TEST.uvproj
Project File Date:  03/11/2026

<h2>Output:</h2>
Build target 'Target 1'
compiling main.c...
linking...
Program Size: Code=856 RO-data=32 RW-data=12 ZI-data=1260  
FromELF: creating hex file...
".\TEST.axf" - 0 Errors, 0 Warning(s).
Build target 'Target 1'
linking...
Program Size: Code=856 RO-data=32 RW-data=12 ZI-data=1260  
FromELF: creating hex file...
".\TEST.axf" - 0 Errors, 0 Warning(s).
