<html>
<body>
<pre>
<h1>µVision Build Log</h1>
<h2>Project:</h2>
C:\Users\student\Desktop\PPSW\Archive\Automat_4\automat.uvproj
Project File Date:  03/11/2026

<h2>Output:</h2>
Build target 'Target 1'
assembling Startup.s...
compiling keyboard.c...
keyboard.c: Error:  #5: cannot open source input file "..\Library\keyboard.c": No such file or directory
".\automat.axf" - 1 Errors, 0 Warning(s).
Target not created
Build target 'Target 1'
compiling keyboard.c...
keyboard.c: Error:  #5: cannot open source input file "..\Library\keyboard.c": No such file or directory
".\automat.axf" - 1 Errors, 0 Warning(s).
Target not created
Build target 'Target 1'
compiling keyboard.c...
keyboard.c: Error:  #5: cannot open source input file "..\Library\keyboard.c": No such file or directory
".\automat.axf" - 1 Errors, 0 Warning(s).
Target not created
Build target 'Target 1'
compiling keyboard.c...
keyboard.c: Error:  #5: cannot open source input file "..\Library\keyboard.c": No such file or directory
".\automat.axf" - 1 Errors, 0 Warning(s).
Target not created
Build target 'Target 1'
compiling keyboard.c...
keyboard.c: Error:  #5: cannot open source input file "..\Library\keyboard.c": No such file or directory
".\automat.axf" - 1 Errors, 0 Warning(s).
Target not created
Build target 'Target 1'
compiling keyboard.c...
keyboard.c: Error:  #5: cannot open source input file "..\Library\keyboard.c": No such file or directory
".\automat.axf" - 1 Errors, 0 Warning(s).
Target not created
Build target 'Target 1'
compiling keyboard.c...
keyboard.c: Error:  #5: cannot open source input file "..\Library\keyboard.c": No such file or directory
".\automat.axf" - 1 Errors, 0 Warning(s).
Target not created
Build target 'Target 1'
compiling keyboard.c...
keyboard.c: Error:  #5: cannot open source input file "..\Library\keyboard.c": No such file or directory
".\automat.axf" - 1 Errors, 0 Warning(s).
Target not created
Build target 'Target 1'
compiling keyboard.c...
keyboard.c: Error:  #5: cannot open source input file "..\Library\keyboard.c": No such file or directory
".\automat.axf" - 1 Errors, 0 Warning(s).
Target not created
Build target 'Target 1'
compiling keyboard.c...
keyboard.c: Error:  #5: cannot open source input file "..\Library\keyboard.c": No such file or directory
".\automat.axf" - 1 Errors, 0 Warning(s).
Target not created
Build target 'Target 1'
compiling keyboard.c...
keyboard.c: Error:  #5: cannot open source input file "..\Library\keyboard.c": No such file or directory
".\automat.axf" - 1 Errors, 0 Warning(s).
Target not created
Build target 'Target 1'
compiling keyboard.c...
keyboard.c: Error:  #5: cannot open source input file "..\Library\keyboard.c": No such file or directory
".\automat.axf" - 1 Errors, 0 Warning(s).
Target not created
Build target 'Target 1'
compiling keyboard.c...
keyboard.c: Error:  #5: cannot open source input file "..\Library\keyboard.c": No such file or directory
".\automat.axf" - 1 Errors, 0 Warning(s).
Target not created
Build target 'Target 1'
compiling main.c...
main.c(1): error:  #13: expected a file name
".\automat.axf" - 1 Errors, 0 Warning(s).
Target not created
Build target 'Target 1'
compiling main.c...
main.c(1): error:  #13: expected a file name
".\automat.axf" - 1 Errors, 0 Warning(s).
Target not created
Build target 'Target 1'
compiling main.c...
main.c(1): error:  #13: expected a file name
".\automat.axf" - 1 Errors, 0 Warning(s).
Target not created
Build target 'Target 1'
compiling main.c...
main.c(1): error:  #13: expected a file name
".\automat.axf" - 1 Errors, 0 Warning(s).
Target not created
Build target 'Target 1'
compiling main.c...
main.c(1): error:  #13: expected a file name
".\automat.axf" - 1 Errors, 0 Warning(s).
Target not created
Build target 'Target 1'
compiling main.c...
main.c(1): error:  #13: expected a file name
".\automat.axf" - 1 Errors, 0 Warning(s).
Target not created
Build target 'Target 1'
compiling main.c...
main.c(1): error:  #13: expected a file name
".\automat.axf" - 1 Errors, 0 Warning(s).
Target not created
Build target 'Target 1'
compiling main.c...
linking...
.\automat.axf: Error: L6218E: Undefined symbol KeyboardInit (referred from main.o).
.\automat.axf: Error: L6218E: Undefined symbol LedInit (referred from main.o).
.\automat.axf: Error: L6218E: Undefined symbol LedStepRight (referred from main.o).
.\automat.axf: Error: L6218E: Undefined symbol eKeyboardRead (referred from main.o).
".\automat.axf" - 4 Errors, 0 Warning(s).
Target not created
Build target 'Target 1'
linking...
.\automat.axf: Error: L6218E: Undefined symbol KeyboardInit (referred from main.o).
.\automat.axf: Error: L6218E: Undefined symbol LedInit (referred from main.o).
.\automat.axf: Error: L6218E: Undefined symbol LedStepRight (referred from main.o).
.\automat.axf: Error: L6218E: Undefined symbol eKeyboardRead (referred from main.o).
".\automat.axf" - 4 Errors, 0 Warning(s).
Target not created
Build target 'Target 1'
linking...
.\automat.axf: Error: L6218E: Undefined symbol KeyboardInit (referred from main.o).
.\automat.axf: Error: L6218E: Undefined symbol LedInit (referred from main.o).
.\automat.axf: Error: L6218E: Undefined symbol LedStepRight (referred from main.o).
.\automat.axf: Error: L6218E: Undefined symbol eKeyboardRead (referred from main.o).
".\automat.axf" - 4 Errors, 0 Warning(s).
Target not created
Build target 'Target 1'
linking...
.\automat.axf: Error: L6218E: Undefined symbol KeyboardInit (referred from main.o).
.\automat.axf: Error: L6218E: Undefined symbol LedInit (referred from main.o).
.\automat.axf: Error: L6218E: Undefined symbol LedStepRight (referred from main.o).
.\automat.axf: Error: L6218E: Undefined symbol eKeyboardRead (referred from main.o).
".\automat.axf" - 4 Errors, 0 Warning(s).
Target not created
Build target 'Target 1'
linking...
.\automat.axf: Error: L6218E: Undefined symbol KeyboardInit (referred from main.o).
.\automat.axf: Error: L6218E: Undefined symbol LedInit (referred from main.o).
.\automat.axf: Error: L6218E: Undefined symbol LedStepRight (referred from main.o).
.\automat.axf: Error: L6218E: Undefined symbol eKeyboardRead (referred from main.o).
".\automat.axf" - 4 Errors, 0 Warning(s).
Target not created
Build target 'Target 1'
linking...
.\automat.axf: Error: L6218E: Undefined symbol KeyboardInit (referred from main.o).
.\automat.axf: Error: L6218E: Undefined symbol LedInit (referred from main.o).
.\automat.axf: Error: L6218E: Undefined symbol LedStepRight (referred from main.o).
.\automat.axf: Error: L6218E: Undefined symbol eKeyboardRead (referred from main.o).
".\automat.axf" - 4 Errors, 0 Warning(s).
Target not created
Build target 'Target 1'
linking...
.\automat.axf: Error: L6218E: Undefined symbol KeyboardInit (referred from main.o).
.\automat.axf: Error: L6218E: Undefined symbol LedInit (referred from main.o).
.\automat.axf: Error: L6218E: Undefined symbol LedStepRight (referred from main.o).
.\automat.axf: Error: L6218E: Undefined symbol eKeyboardRead (referred from main.o).
".\automat.axf" - 4 Errors, 0 Warning(s).
Target not created
Build target 'Target 1'
compiling main.c...
compiling keyboard.c...
compiling led.c...
linking...
Program Size: Code=1332 RO-data=32 RW-data=4 ZI-data=1260  
FromELF: creating hex file...
".\automat.axf" - 0 Errors, 0 Warning(s).
