<html>
<body>
<pre>
<h1>µVision Build Log</h1>
<h2>Project:</h2>
C:\Users\student\Desktop\PPSW\Archive\Automat_5\automat.uvproj
Project File Date:  03/11/2026

<h2>Output:</h2>
Build target 'Target 1'
assembling Startup.s...
compiling main.c...
main.c(1): error:  #5: cannot open source input file "../Library/led.h": No such file or directory
compiling keyboard.c...
compiling led.c...
".\automat.axf" - 1 Errors, 0 Warning(s).
Target not created
Build target 'Target 1'
compiling main.c...
main.c(1): error:  #5: cannot open source input file "../Library/led.h": No such file or directory
compiling keyboard.c...
compiling led.c...
".\automat.axf" - 1 Errors, 0 Warning(s).
Target not created
Build target 'Target 1'
compiling main.c...
main.c(1): error:  #5: cannot open source input file "../Library/led.h": No such file or directory
".\automat.axf" - 1 Errors, 0 Warning(s).
Target not created
Build target 'Target 1'
compiling main.c...
linking...
Program Size: Code=1320 RO-data=32 RW-data=4 ZI-data=1260  
FromELF: creating hex file...
".\automat.axf" - 0 Errors, 0 Warning(s).
Build target 'Target 1'
linking...
Program Size: Code=1320 RO-data=32 RW-data=4 ZI-data=1260  
FromELF: creating hex file...
".\automat.axf" - 0 Errors, 0 Warning(s).
